<?xml version="1.0" encoding="UTF-8"?>
<TestRun id="2c92e6df-377c-48b8-af84-34c532c7aaf7" name="manekovskiy@A1COMP1 2011-03-26 13:20:08" runUser="STEP\manekovskiy" xmlns="http://microsoft.com/schemas/VisualStudio/TeamTest/2010">
  <TestSettings name="Local" id="5004994d-31e5-4c57-8d6e-7c87a6d20541">
    <Description>These are default test settings for a local test run.</Description>
    <Deployment enabled="false" runDeploymentRoot="manekovskiy_A1COMP1 2011-03-26 13_20_08" />
    <Execution>
      <TestTypeSpecific />
      <AgentRule name="Execution Agents">
      </AgentRule>
    </Execution>
  </TestSettings>
  <Times creation="2011-03-26T13:20:08.3899880+02:00" queuing="2011-03-26T13:20:08.4056128+02:00" start="2011-03-26T13:20:08.4993616+02:00" finish="2011-03-26T13:20:30.5303296+02:00" />
  <ResultSummary outcome="Failed">
    <Counters total="1" executed="1" error="0" failed="1" timeout="0" aborted="0" inconclusive="0" passedButRunAborted="0" notRunnable="0" notExecuted="0" disconnected="0" warning="0" passed="0" completed="0" inProgress="0" pending="0" />
  </ResultSummary>
  <TestDefinitions>
    <UnitTest name="CodedUITestMethod1" storage="d:\mas\13нс9-1с\02-userdirs\manekovskiy\software testing\googlecalculatortests\bin\debug\googlecalculatortests.dll" id="f9262658-12ec-3d0f-ba5a-d3a1d4780f9c">
      <Execution id="908d7647-eaf2-4cd9-8c99-fa18ee373080" />
      <TestMethod codeBase="D:/MAS/13НС9-1С/02-UserDirs/Manekovskiy/Software Testing/GoogleCalculatorTests/bin/Debug/GoogleCalculatorTests.DLL" adapterTypeName="Microsoft.VisualStudio.TestTools.TestTypes.Unit.UnitTestAdapter, Microsoft.VisualStudio.QualityTools.Tips.UnitTest.Adapter, Version=10.0.0.0, Culture=neutral, PublicKeyToken=b03f5f7f11d50a3a" className="GoogleCalculatorTests.CodedUITest1, GoogleCalculatorTests, Version=1.0.0.0, Culture=neutral, PublicKeyToken=null" name="CodedUITestMethod1" />
      <Extension>Microsoft.VisualStudio.TestTools.UITesting.CodedUITestAttribute, Microsoft.VisualStudio.QualityTools.CodedUITestFramework, Version=10.0.0.0, Culture=neutral, PublicKeyToken=b03f5f7f11d50a3a</Extension>
    </UnitTest>
  </TestDefinitions>
  <TestLists>
    <TestList name="Results Not in a List" id="8c84fa94-04c1-424b-9868-57a2d4851a1d" />
    <TestList name="All Loaded Results" id="19431567-8539-422a-85d7-44ee4e166bda" />
  </TestLists>
  <TestEntries>
    <TestEntry testId="f9262658-12ec-3d0f-ba5a-d3a1d4780f9c" executionId="908d7647-eaf2-4cd9-8c99-fa18ee373080" testListId="8c84fa94-04c1-424b-9868-57a2d4851a1d" />
  </TestEntries>
  <Results>
    <UnitTestResult executionId="908d7647-eaf2-4cd9-8c99-fa18ee373080" testId="f9262658-12ec-3d0f-ba5a-d3a1d4780f9c" testName="CodedUITestMethod1" computerName="A1COMP1" duration="00:00:21.2635717" startTime="2011-03-26T13:20:08.6243600+02:00" endTime="2011-03-26T13:20:30.4990800+02:00" testType="13cdc9d9-ddb5-4fa4-a97d-d965ccfc6d4b" outcome="Failed" testListId="8c84fa94-04c1-424b-9868-57a2d4851a1d" relativeResultsDirectory="908d7647-eaf2-4cd9-8c99-fa18ee373080">
      <Output>
        <DebugTrace>W, 3824, 24, 2011/03/26, 13:20:09.639, 37913536790360, QTAgent32.exe, Value in en-US resource 'Развернуть' does not match the defaultvalue 'Maximize'
W, 3824, 24, 2011/03/26, 13:20:09.639, 37913540030326, QTAgent32.exe, Value in en-US resource 'Восстановить' does not match the defaultvalue 'Restore'
W, 3824, 24, 2011/03/26, 13:20:09.655, 37913575885033, QTAgent32.exe, Value in en-US resource 'Назад' does not match the defaultvalue 'Back'
W, 3824, 24, 2011/03/26, 13:20:09.655, 37913576664283, QTAgent32.exe, Value in en-US resource 'Вперед' does not match the defaultvalue 'Forward'
W, 3824, 24, 2011/03/26, 13:20:09.655, 37913577320004, QTAgent32.exe, Value in en-US resource 'Обновить (F5)' does not match the defaultvalue 'Refresh (F5)'
W, 3824, 24, 2011/03/26, 13:20:09.655, 37913577942546, QTAgent32.exe, Value in en-US resource 'Остановить (Esc)' does not match the defaultvalue 'Stop (Esc)'
W, 3824, 24, 2011/03/26, 13:20:09.655, 37913578583130, QTAgent32.exe, Value in en-US resource 'Адрес' does not match the defaultvalue 'Address'
W, 3824, 24, 2011/03/26, 13:20:09.655, 37913579418088, QTAgent32.exe, Value in en-US resource 'Показать автозаполнение адресной строки' does not match the defaultvalue 'Show Address Bar Autocomplete'
W, 3824, 24, 2011/03/26, 13:20:09.655, 37913580086522, QTAgent32.exe, Value in en-US resource 'Выбор файла для выгрузки' does not match the defaultvalue 'Choose file'
W, 3824, 24, 2011/03/26, 13:20:09.655, 37913593898867, QTAgent32.exe, Value in en-US resource 'Фильтр Microsoft SmartScreen' does not match the defaultvalue 'Microsoft Phishing Filter'
W, 3824, 24, 2011/03/26, 13:20:09.655, 37913595142150, QTAgent32.exe, Value in en-US resource 'Автозаполнение' does not match the defaultvalue 'AutoComplete'
W, 3824, 24, 2011/03/26, 13:20:09.655, 37913595917217, QTAgent32.exe, Value in en-US resource 'Автозаполнение паролей' does not match the defaultvalue 'AutoComplete Passwords'
E, 3824, 24, 2011/03/26, 13:20:09.655, 37913597061487, QTAgent32.exe, LoadLibrary() : Unable to find the resource 37382 from assembly C:\WINDOWS\system32\ru-RU\ieframe.dll.mui: Error1814
W, 3824, 24, 2011/03/26, 13:20:09.655, 37913598538617, QTAgent32.exe, Value in en-US resource 'Сообщение с веб-страницы' does not match the defaultvalue 'Message from webpage'
E, 3824, 24, 2011/03/26, 13:20:09.655, 37913599046222, QTAgent32.exe, LoadLibrary() : Unable to find the resource 41728 from assembly C:\WINDOWS\system32\ru-RU\ieframe.dll.mui: Error1814
W, 3824, 24, 2011/03/26, 13:20:09.655, 37913599793905, QTAgent32.exe, Value in en-US resource 'Запрос пользователю' does not match the defaultvalue 'Explorer User Prompt'
W, 3824, 24, 2011/03/26, 13:20:09.655, 37913600556990, QTAgent32.exe, Value in en-US resource 'Отмена' does not match the defaultvalue 'Cancel'
W, 3824, 24, 2011/03/26, 13:20:09.655, 37913601183819, QTAgent32.exe, Value in en-US resource 'Закрыть' does not match the defaultvalue 'Close'
W, 3824, 24, 2011/03/26, 13:20:09.655, 37913601921620, QTAgent32.exe, Value in en-US resource 'ОК' does not match the defaultvalue 'OK'
W, 3824, 24, 2011/03/26, 13:20:09.655, 37913602566529, QTAgent32.exe, Value in en-US resource 'Предупреждение о безопасности' does not match the defaultvalue 'Security Warning'
E, 3824, 24, 2011/03/26, 13:20:09.655, 37913602918896, QTAgent32.exe, LoadIEStrings() - Could not find user32 resource assembly in uk-UA or ru-RU
W, 3824, 24, 2011/03/26, 13:20:09.952, 37914335557826, QTAgent32.exe, Playback - [WARNING] Internal warning: Window Not Found: ControlType='Window' &amp;&amp; Name='http://www.microsoft.com/isapi/redir.dll?prd=ie&amp;pver=6&amp;ar=msnhome - Windows Internet Explorer' &amp;&amp; ClassName='IEFrame'
\0
E, 3824, 24, 2011/03/26, 13:20:09.952, 37914336122706, QTAgent32.exe, &lt;a class=failure&gt;Playback - {1} [FAILED] Function ElementFetcher::FindScreenElement failed to locate UI element (Searching: ;ControlType='Window' &amp;&amp; Name='http://www.microsoft.com/isapi/redir.dll?prd=ie&amp;pver=6&amp;ar=msnhome - Windows Internet Explorer' &amp;&amp; ClassName='IEFrame') (Указанный объект не найден.)
\0&lt;/a&gt;
E, 3824, 24, 2011/03/26, 13:20:10.046, 37914557549022, QTAgent32.exe, Playback - [IMAGE] C:\Documents and Settings\manekovskiy\Local Settings\Temp\UITestLogs\LastRun\RPF556.png
\0
W, 3824, 24, 2011/03/26, 13:20:10.046, 37914557924590, QTAgent32.exe, Playback - [WARNING] Internal warning: Couldn't find descendants that match QueryId
\0
W, 3824, 24, 2011/03/26, 13:20:10.061, 37914629947808, QTAgent32.exe, Playback - [WARNING] Internal warning: Window Not Found: ControlType='Window' &amp;&amp; Name='http://www.microsoft.com/isapi/redir.dll?prd=ie&amp;pver=6&amp;ar=msnhome - Windows Internet Explorer' &amp;&amp; ClassName='IEFrame'
\0
E, 3824, 24, 2011/03/26, 13:20:10.061, 37914630515891, QTAgent32.exe, &lt;a class=failure&gt;Playback - {2} [FAILED] Function ElementFetcher::FindScreenElement failed to locate UI element (Searching: ;ControlType='Window' &amp;&amp; Name='http://www.microsoft.com/isapi/redir.dll?prd=ie&amp;pver=6&amp;ar=msnhome - Windows Internet Explorer' &amp;&amp; ClassName='IEFrame') (Указанный объект не найден.)
\0&lt;/a&gt;
E, 3824, 24, 2011/03/26, 13:20:10.155, 37914851384827, QTAgent32.exe, Playback - [IMAGE] C:\Documents and Settings\manekovskiy\Local Settings\Temp\UITestLogs\LastRun\RPF557.png
\0
W, 3824, 24, 2011/03/26, 13:20:10.155, 37914851939791, QTAgent32.exe, Playback - [WARNING] Internal warning: Couldn't find descendants that match QueryId
\0
W, 3824, 24, 2011/03/26, 13:20:10.436, 37915548418812, QTAgent32.exe, Playback - [WARNING] Internal warning: Window Not Found: ControlType='Window' &amp;&amp; Name='http://www.microsoft.com/isapi/redir.dll?prd=ie&amp;pver=6&amp;ar=msnhome - Windows Internet Explorer' &amp;&amp; ClassName='IEFrame'
\0
E, 3824, 24, 2011/03/26, 13:20:10.436, 37915548970519, QTAgent32.exe, &lt;a class=failure&gt;Playback - {3} [FAILED] Function ElementFetcher::FindScreenElement failed to locate UI element (Searching: ;ControlType='Window' &amp;&amp; Name='http://www.microsoft.com/isapi/redir.dll?prd=ie&amp;pver=6&amp;ar=msnhome - Windows Internet Explorer' &amp;&amp; ClassName='IEFrame') (Указанный объект не найден.)
\0&lt;/a&gt;
E, 3824, 24, 2011/03/26, 13:20:10.530, 37915769612785, QTAgent32.exe, Playback - [IMAGE] C:\Documents and Settings\manekovskiy\Local Settings\Temp\UITestLogs\LastRun\RPF558.png
\0
W, 3824, 24, 2011/03/26, 13:20:10.530, 37915769971616, QTAgent32.exe, Playback - [WARNING] Internal warning: Couldn't find descendants that match QueryId
\0
E, 3824, 24, 2011/03/26, 13:20:10.530, 37915773781151, QTAgent32.exe, Exception: System.Runtime.InteropServices.COMException
	Message: Error HRESULT E_FAIL has been returned from a call to a COM component.
	Stack Trace:    at Microsoft.VisualStudio.TestTools.UITest.Playback.Engine.IRPFPlayback.FindAllScreenElements(IScreenElement pScreenElementStart, String bstrQueryId, Object&amp; pvarResKeys, Int32 cResKeys, Int32 nMaxDepth, Object[]&amp; foundDescendants)
   at Microsoft.VisualStudio.TestTools.UITest.Playback.ScreenElement.FindTopLevelWindowHelper(String queryId)
	BaseExceptionMessage: Error HRESULT E_FAIL has been returned from a call to a COM component.

W, 3824, 24, 2011/03/26, 13:20:10.952, 37916844342346, QTAgent32.exe, Playback - [WARNING] Internal warning: Window Not Found: ControlType='Window' &amp;&amp; Name='http://home.microsoft.com/ - Windows Internet Explorer' &amp;&amp; ClassName='IEFrame'
\0
E, 3824, 24, 2011/03/26, 13:20:10.952, 37916844892484, QTAgent32.exe, &lt;a class=failure&gt;Playback - {4} [FAILED] Function ElementFetcher::FindScreenElement failed to locate UI element (Searching: ;ControlType='Window' &amp;&amp; Name='http://home.microsoft.com/ - Windows Internet Explorer' &amp;&amp; ClassName='IEFrame') (Указанный объект не найден.)
\0&lt;/a&gt;
E, 3824, 24, 2011/03/26, 13:20:11.046, 37917089418987, QTAgent32.exe, Playback - [IMAGE] C:\Documents and Settings\manekovskiy\Local Settings\Temp\UITestLogs\LastRun\RPF559.png
\0
W, 3824, 24, 2011/03/26, 13:20:11.061, 37917090037768, QTAgent32.exe, Playback - [WARNING] Internal warning: Couldn't find descendants that match QueryId
\0
W, 3824, 24, 2011/03/26, 13:20:11.077, 37917146744277, QTAgent32.exe, Playback - [WARNING] Internal warning: Window Not Found: ControlType='Window' &amp;&amp; Name='http://home.microsoft.com/ - Windows Internet Explorer' &amp;&amp; ClassName='IEFrame'
\0
E, 3824, 24, 2011/03/26, 13:20:11.077, 37917147270754, QTAgent32.exe, &lt;a class=failure&gt;Playback - {5} [FAILED] Function ElementFetcher::FindScreenElement failed to locate UI element (Searching: ;ControlType='Window' &amp;&amp; Name='http://home.microsoft.com/ - Windows Internet Explorer' &amp;&amp; ClassName='IEFrame') (Указанный объект не найден.)
\0&lt;/a&gt;
E, 3824, 24, 2011/03/26, 13:20:11.171, 37917385956578, QTAgent32.exe, Playback - [IMAGE] C:\Documents and Settings\manekovskiy\Local Settings\Temp\UITestLogs\LastRun\RPF55A.png
\0
W, 3824, 24, 2011/03/26, 13:20:11.171, 37917386568728, QTAgent32.exe, Playback - [WARNING] Internal warning: Couldn't find descendants that match QueryId
\0
W, 3824, 24, 2011/03/26, 13:20:11.452, 37918081128483, QTAgent32.exe, Playback - [WARNING] Internal warning: Window Not Found: ControlType='Window' &amp;&amp; Name='http://home.microsoft.com/ - Windows Internet Explorer' &amp;&amp; ClassName='IEFrame'
\0
E, 3824, 24, 2011/03/26, 13:20:11.452, 37918081634919, QTAgent32.exe, &lt;a class=failure&gt;Playback - {6} [FAILED] Function ElementFetcher::FindScreenElement failed to locate UI element (Searching: ;ControlType='Window' &amp;&amp; Name='http://home.microsoft.com/ - Windows Internet Explorer' &amp;&amp; ClassName='IEFrame') (Указанный объект не найден.)
\0&lt;/a&gt;
E, 3824, 24, 2011/03/26, 13:20:11.546, 37918319884980, QTAgent32.exe, Playback - [IMAGE] C:\Documents and Settings\manekovskiy\Local Settings\Temp\UITestLogs\LastRun\RPF55B.png
\0
W, 3824, 24, 2011/03/26, 13:20:11.546, 37918320478204, QTAgent32.exe, Playback - [WARNING] Internal warning: Couldn't find descendants that match QueryId
\0
E, 3824, 24, 2011/03/26, 13:20:11.546, 37918321609789, QTAgent32.exe, Exception: System.Runtime.InteropServices.COMException
	Message: Error HRESULT E_FAIL has been returned from a call to a COM component.
	Stack Trace:    at Microsoft.VisualStudio.TestTools.UITest.Playback.Engine.IRPFPlayback.FindAllScreenElements(IScreenElement pScreenElementStart, String bstrQueryId, Object&amp; pvarResKeys, Int32 cResKeys, Int32 nMaxDepth, Object[]&amp; foundDescendants)
   at Microsoft.VisualStudio.TestTools.UITest.Playback.ScreenElement.FindTopLevelWindowHelper(String queryId)
	BaseExceptionMessage: Error HRESULT E_FAIL has been returned from a call to a COM component.

W, 3824, 24, 2011/03/26, 13:20:11.827, 37919009268847, QTAgent32.exe, Playback - [WARNING] Internal warning: Window Not Found: ControlType='Window' &amp;&amp; Name='http://www.msn.com/ - Windows Internet Explorer' &amp;&amp; ClassName='IEFrame'
\0
E, 3824, 24, 2011/03/26, 13:20:11.827, 37919009789286, QTAgent32.exe, &lt;a class=failure&gt;Playback - {7} [FAILED] Function ElementFetcher::FindScreenElement failed to locate UI element (Searching: ;ControlType='Window' &amp;&amp; Name='http://www.msn.com/ - Windows Internet Explorer' &amp;&amp; ClassName='IEFrame') (Указанный объект не найден.)
\0&lt;/a&gt;
E, 3824, 24, 2011/03/26, 13:20:11.921, 37919248199788, QTAgent32.exe, Playback - [IMAGE] C:\Documents and Settings\manekovskiy\Local Settings\Temp\UITestLogs\LastRun\RPF55C.png
\0
W, 3824, 24, 2011/03/26, 13:20:11.921, 37919248765697, QTAgent32.exe, Playback - [WARNING] Internal warning: Couldn't find descendants that match QueryId
\0
W, 3824, 24, 2011/03/26, 13:20:11.952, 37919331373903, QTAgent32.exe, Playback - [WARNING] Internal warning: Window Not Found: ControlType='Window' &amp;&amp; Name='http://www.msn.com/ - Windows Internet Explorer' &amp;&amp; ClassName='IEFrame'
\0
E, 3824, 24, 2011/03/26, 13:20:11.952, 37919331888405, QTAgent32.exe, &lt;a class=failure&gt;Playback - {8} [FAILED] Function ElementFetcher::FindScreenElement failed to locate UI element (Searching: ;ControlType='Window' &amp;&amp; Name='http://www.msn.com/ - Windows Internet Explorer' &amp;&amp; ClassName='IEFrame') (Указанный объект не найден.)
\0&lt;/a&gt;
E, 3824, 24, 2011/03/26, 13:20:12.046, 37919554863084, QTAgent32.exe, Playback - [IMAGE] C:\Documents and Settings\manekovskiy\Local Settings\Temp\UITestLogs\LastRun\RPF55D.png
\0
W, 3824, 24, 2011/03/26, 13:20:12.046, 37919555438786, QTAgent32.exe, Playback - [WARNING] Internal warning: Couldn't find descendants that match QueryId
\0
W, 3824, 24, 2011/03/26, 13:20:12.327, 37920262963931, QTAgent32.exe, Playback - [WARNING] Internal warning: Window Not Found: ControlType='Window' &amp;&amp; Name='http://www.msn.com/ - Windows Internet Explorer' &amp;&amp; ClassName='IEFrame'
\0
E, 3824, 24, 2011/03/26, 13:20:12.327, 37920263658907, QTAgent32.exe, &lt;a class=failure&gt;Playback - {9} [FAILED] Function ElementFetcher::FindScreenElement failed to locate UI element (Searching: ;ControlType='Window' &amp;&amp; Name='http://www.msn.com/ - Windows Internet Explorer' &amp;&amp; ClassName='IEFrame') (Указанный объект не найден.)
\0&lt;/a&gt;
E, 3824, 24, 2011/03/26, 13:20:12.421, 37920501802299, QTAgent32.exe, Playback - [IMAGE] C:\Documents and Settings\manekovskiy\Local Settings\Temp\UITestLogs\LastRun\RPF55E.png
\0
W, 3824, 24, 2011/03/26, 13:20:12.421, 37920502375978, QTAgent32.exe, Playback - [WARNING] Internal warning: Couldn't find descendants that match QueryId
\0
E, 3824, 24, 2011/03/26, 13:20:12.421, 37920503476898, QTAgent32.exe, Exception: System.Runtime.InteropServices.COMException
	Message: Error HRESULT E_FAIL has been returned from a call to a COM component.
	Stack Trace:    at Microsoft.VisualStudio.TestTools.UITest.Playback.Engine.IRPFPlayback.FindAllScreenElements(IScreenElement pScreenElementStart, String bstrQueryId, Object&amp; pvarResKeys, Int32 cResKeys, Int32 nMaxDepth, Object[]&amp; foundDescendants)
   at Microsoft.VisualStudio.TestTools.UITest.Playback.ScreenElement.FindTopLevelWindowHelper(String queryId)
	BaseExceptionMessage: Error HRESULT E_FAIL has been returned from a call to a COM component.

W, 3824, 24, 2011/03/26, 13:20:12.702, 37921197211501, QTAgent32.exe, Playback - [WARNING] Internal warning: Window Not Found: ControlType='Window' &amp;&amp; Name='MSN.com - Windows Internet Explorer' &amp;&amp; ClassName='IEFrame'
\0
E, 3824, 24, 2011/03/26, 13:20:12.702, 37921197802629, QTAgent32.exe, &lt;a class=failure&gt;Playback - {10} [FAILED] Function ElementFetcher::FindScreenElement failed to locate UI element (Searching: ;ControlType='Window' &amp;&amp; Name='MSN.com - Windows Internet Explorer' &amp;&amp; ClassName='IEFrame') (Указанный объект не найден.)
\0&lt;/a&gt;
E, 3824, 24, 2011/03/26, 13:20:12.796, 37921439256936, QTAgent32.exe, Playback - [IMAGE] C:\Documents and Settings\manekovskiy\Local Settings\Temp\UITestLogs\LastRun\RPF55F.png
\0
W, 3824, 24, 2011/03/26, 13:20:12.796, 37921439829737, QTAgent32.exe, Playback - [WARNING] Internal warning: Couldn't find descendants that match QueryId
\0
W, 3824, 24, 2011/03/26, 13:20:12.811, 37921485163296, QTAgent32.exe, Playback - [WARNING] Internal warning: Window Not Found: ControlType='Window' &amp;&amp; Name='MSN.com - Windows Internet Explorer' &amp;&amp; ClassName='IEFrame'
\0
E, 3824, 24, 2011/03/26, 13:20:12.811, 37921485682537, QTAgent32.exe, &lt;a class=failure&gt;Playback - {11} [FAILED] Function ElementFetcher::FindScreenElement failed to locate UI element (Searching: ;ControlType='Window' &amp;&amp; Name='MSN.com - Windows Internet Explorer' &amp;&amp; ClassName='IEFrame') (Указанный объект не найден.)
\0&lt;/a&gt;
E, 3824, 24, 2011/03/26, 13:20:12.905, 37921694796421, QTAgent32.exe, Playback - [IMAGE] C:\Documents and Settings\manekovskiy\Local Settings\Temp\UITestLogs\LastRun\RPF560.png
\0
W, 3824, 24, 2011/03/26, 13:20:12.905, 37921695367519, QTAgent32.exe, Playback - [WARNING] Internal warning: Couldn't find descendants that match QueryId
\0
W, 3824, 24, 2011/03/26, 13:20:14.249, 37925073944288, QTAgent32.exe, Playback - [WARNING] Internal warning: Window Not Found: ControlType='Window' &amp;&amp; Name='MSN.com - Windows Internet Explorer' &amp;&amp; ClassName='IEFrame'
\0
E, 3824, 24, 2011/03/26, 13:20:14.249, 37925074460629, QTAgent32.exe, &lt;a class=failure&gt;Playback - {12} [FAILED] Function ElementFetcher::FindScreenElement failed to locate UI element (Searching: ;ControlType='Window' &amp;&amp; Name='MSN.com - Windows Internet Explorer' &amp;&amp; ClassName='IEFrame') (Указанный объект не найден.)
\0&lt;/a&gt;
E, 3824, 24, 2011/03/26, 13:20:14.343, 37925299261134, QTAgent32.exe, Playback - [IMAGE] C:\Documents and Settings\manekovskiy\Local Settings\Temp\UITestLogs\LastRun\RPF561.png
\0
W, 3824, 24, 2011/03/26, 13:20:14.343, 37925299878128, QTAgent32.exe, Playback - [WARNING] Internal warning: Couldn't find descendants that match QueryId
\0
W, 3824, 24, 2011/03/26, 13:20:14.343, 37925301576735, QTAgent32.exe, PERF WARNING: FindTopLevelWindowHelper::FindAllDescendents: took 1445 ms. Expected it to take maximum 500 ms.
E, 3824, 24, 2011/03/26, 13:20:14.343, 37925302173488, QTAgent32.exe, Exception: System.Runtime.InteropServices.COMException
	Message: Error HRESULT E_FAIL has been returned from a call to a COM component.
	Stack Trace:    at Microsoft.VisualStudio.TestTools.UITest.Playback.Engine.IRPFPlayback.FindAllScreenElements(IScreenElement pScreenElementStart, String bstrQueryId, Object&amp; pvarResKeys, Int32 cResKeys, Int32 nMaxDepth, Object[]&amp; foundDescendants)
   at Microsoft.VisualStudio.TestTools.UITest.Playback.ScreenElement.FindTopLevelWindowHelper(String queryId)
	BaseExceptionMessage: Error HRESULT E_FAIL has been returned from a call to a COM component.

W, 3824, 24, 2011/03/26, 13:20:14.639, 37926026691446, QTAgent32.exe, Playback - [WARNING] Internal warning: Window Not Found: ControlType='Window' &amp;&amp; Name='http://www.microsoft.com/isapi/redir.dll?prd=ie&amp;pver=6&amp;ar=msnhome - Windows Internet Explorer' &amp;&amp; ClassName='IEFrame'
\0
E, 3824, 24, 2011/03/26, 13:20:14.639, 37926027247682, QTAgent32.exe, &lt;a class=failure&gt;Playback - {13} [FAILED] Function ElementFetcher::FindScreenElement failed to locate UI element (Searching: ;ControlType='Window' &amp;&amp; Name='http://www.microsoft.com/isapi/redir.dll?prd=ie&amp;pver=6&amp;ar=msnhome - Windows Internet Explorer' &amp;&amp; ClassName='IEFrame') (Указанный объект не найден.)
\0&lt;/a&gt;
E, 3824, 24, 2011/03/26, 13:20:14.749, 37926272639447, QTAgent32.exe, Playback - [IMAGE] C:\Documents and Settings\manekovskiy\Local Settings\Temp\UITestLogs\LastRun\RPF562.png
\0
W, 3824, 24, 2011/03/26, 13:20:14.749, 37926273185100, QTAgent32.exe, Playback - [WARNING] Internal warning: Couldn't find descendants that match QueryId
\0
W, 3824, 24, 2011/03/26, 13:20:15.014, 37926980229758, QTAgent32.exe, Playback - [WARNING] Internal warning: Window Not Found: ControlType='Window' &amp;&amp; Name='http://www.microsoft.com/isapi/redir.dll?prd=ie&amp;pver=6&amp;ar=msnhome - Windows Internet Explorer' &amp;&amp; ClassName='IEFrame'
\0
E, 3824, 24, 2011/03/26, 13:20:15.014, 37926980766942, QTAgent32.exe, &lt;a class=failure&gt;Playback - {14} [FAILED] Function ElementFetcher::FindScreenElement failed to locate UI element (Searching: ;ControlType='Window' &amp;&amp; Name='http://www.microsoft.com/isapi/redir.dll?prd=ie&amp;pver=6&amp;ar=msnhome - Windows Internet Explorer' &amp;&amp; ClassName='IEFrame') (Указанный объект не найден.)
\0&lt;/a&gt;
E, 3824, 24, 2011/03/26, 13:20:15.108, 37927189594139, QTAgent32.exe, Playback - [IMAGE] C:\Documents and Settings\manekovskiy\Local Settings\Temp\UITestLogs\LastRun\RPF563.png
\0
W, 3824, 24, 2011/03/26, 13:20:15.108, 37927190155132, QTAgent32.exe, Playback - [WARNING] Internal warning: Couldn't find descendants that match QueryId
\0
W, 3824, 24, 2011/03/26, 13:20:15.874, 37929077823315, QTAgent32.exe, Playback - [WARNING] Internal warning: Smart Match failed
\0
W, 3824, 24, 2011/03/26, 13:20:16.358, 37930323074708, QTAgent32.exe, Playback - [WARNING] Internal warning: Smart Match failed
\0
W, 3824, 24, 2011/03/26, 13:20:16.671, 37931094206253, QTAgent32.exe, Playback - [WARNING] Internal warning: Smart Match failed
\0
W, 3824, 24, 2011/03/26, 13:20:16.968, 37931833161353, QTAgent32.exe, Playback - [WARNING] Internal warning: Smart Match failed
\0
W, 3824, 24, 2011/03/26, 13:20:17.264, 37932562879674, QTAgent32.exe, Playback - [WARNING] Internal warning: Smart Match failed
\0
W, 3824, 24, 2011/03/26, 13:20:17.577, 37933339337695, QTAgent32.exe, Playback - [WARNING] Internal warning: Smart Match failed
\0
W, 3824, 24, 2011/03/26, 13:20:17.905, 37934160769784, QTAgent32.exe, Playback - [WARNING] Internal warning: Smart Match failed
\0
W, 3824, 24, 2011/03/26, 13:20:18.202, 37934925722236, QTAgent32.exe, Playback - [WARNING] Internal warning: Smart Match failed
\0
W, 3824, 24, 2011/03/26, 13:20:18.421, 37935443296662, QTAgent32.exe, Playback - [WARNING] Internal warning: Window Not Found: ControlType='Window' &amp;&amp; Name='http://www.microsoft.com/isapi/redir.dll?prd=ie&amp;pver=6&amp;ar=msnhome - Windows Internet Explorer' &amp;&amp; ClassName='IEFrame'
\0
E, 3824, 24, 2011/03/26, 13:20:18.421, 37935443886643, QTAgent32.exe, &lt;a class=failure&gt;Playback - {15} [FAILED] Function ElementFetcher::FindScreenElement failed to locate UI element (Searching: ;ControlType='Window' &amp;&amp; Name='http://www.microsoft.com/isapi/redir.dll?prd=ie&amp;pver=6&amp;ar=msnhome - Windows Internet Explorer' &amp;&amp; ClassName='IEFrame') (Указанный объект не найден.)
\0&lt;/a&gt;
E, 3824, 24, 2011/03/26, 13:20:18.514, 37935683846014, QTAgent32.exe, Playback - [IMAGE] C:\Documents and Settings\manekovskiy\Local Settings\Temp\UITestLogs\LastRun\RPF564.png
\0
W, 3824, 24, 2011/03/26, 13:20:18.514, 37935684432239, QTAgent32.exe, Playback - [WARNING] Internal warning: Couldn't find descendants that match QueryId
\0
W, 3824, 24, 2011/03/26, 13:20:18.514, 37935685216936, QTAgent32.exe, PERF WARNING: FindTopLevelWindowHelper::FindAllDescendents: took 3405 ms. Expected it to take maximum 500 ms.
E, 3824, 24, 2011/03/26, 13:20:18.514, 37935685663888, QTAgent32.exe, Exception: System.Runtime.InteropServices.COMException
	Message: Error HRESULT E_FAIL has been returned from a call to a COM component.
	Stack Trace:    at Microsoft.VisualStudio.TestTools.UITest.Playback.Engine.IRPFPlayback.FindAllScreenElements(IScreenElement pScreenElementStart, String bstrQueryId, Object&amp; pvarResKeys, Int32 cResKeys, Int32 nMaxDepth, Object[]&amp; foundDescendants)
   at Microsoft.VisualStudio.TestTools.UITest.Playback.ScreenElement.FindTopLevelWindowHelper(String queryId)
	BaseExceptionMessage: Error HRESULT E_FAIL has been returned from a call to a COM component.

W, 3824, 24, 2011/03/26, 13:20:18.796, 37936403449069, QTAgent32.exe, Playback - [WARNING] Internal warning: Window Not Found: ControlType='Window' &amp;&amp; Name='http://home.microsoft.com/ - Windows Internet Explorer' &amp;&amp; ClassName='IEFrame'
\0
E, 3824, 24, 2011/03/26, 13:20:18.796, 37936403980833, QTAgent32.exe, &lt;a class=failure&gt;Playback - {16} [FAILED] Function ElementFetcher::FindScreenElement failed to locate UI element (Searching: ;ControlType='Window' &amp;&amp; Name='http://home.microsoft.com/ - Windows Internet Explorer' &amp;&amp; ClassName='IEFrame') (Указанный объект не найден.)
\0&lt;/a&gt;
E, 3824, 24, 2011/03/26, 13:20:18.889, 37936626043688, QTAgent32.exe, Playback - [IMAGE] C:\Documents and Settings\manekovskiy\Local Settings\Temp\UITestLogs\LastRun\RPF565.png
\0
W, 3824, 24, 2011/03/26, 13:20:18.889, 37936626621977, QTAgent32.exe, Playback - [WARNING] Internal warning: Couldn't find descendants that match QueryId
\0
W, 3824, 24, 2011/03/26, 13:20:19.155, 37937308820570, QTAgent32.exe, Playback - [WARNING] Internal warning: Window Not Found: ControlType='Window' &amp;&amp; Name='http://home.microsoft.com/ - Windows Internet Explorer' &amp;&amp; ClassName='IEFrame'
\0
E, 3824, 24, 2011/03/26, 13:20:19.155, 37937309348658, QTAgent32.exe, &lt;a class=failure&gt;Playback - {17} [FAILED] Function ElementFetcher::FindScreenElement failed to locate UI element (Searching: ;ControlType='Window' &amp;&amp; Name='http://home.microsoft.com/ - Windows Internet Explorer' &amp;&amp; ClassName='IEFrame') (Указанный объект не найден.)
\0&lt;/a&gt;
E, 3824, 24, 2011/03/26, 13:20:19.249, 37937519055868, QTAgent32.exe, Playback - [IMAGE] C:\Documents and Settings\manekovskiy\Local Settings\Temp\UITestLogs\LastRun\RPF566.png
\0
W, 3824, 24, 2011/03/26, 13:20:19.249, 37937519440864, QTAgent32.exe, Playback - [WARNING] Internal warning: Couldn't find descendants that match QueryId
\0
W, 3824, 24, 2011/03/26, 13:20:19.686, 37938616676137, QTAgent32.exe, Playback - [WARNING] Internal warning: Smart Match failed
\0
W, 3824, 24, 2011/03/26, 13:20:20.014, 37939419013784, QTAgent32.exe, Playback - [WARNING] Internal warning: Smart Match failed
\0
W, 3824, 24, 2011/03/26, 13:20:20.327, 37940208302720, QTAgent32.exe, Playback - [WARNING] Internal warning: Smart Match failed
\0
W, 3824, 24, 2011/03/26, 13:20:20.639, 37940989847003, QTAgent32.exe, Playback - [WARNING] Internal warning: Smart Match failed
\0
W, 3824, 24, 2011/03/26, 13:20:21.108, 37942168904497, QTAgent32.exe, Playback - [WARNING] Internal warning: Smart Match failed
\0
W, 3824, 24, 2011/03/26, 13:20:21.436, 37942963368230, QTAgent32.exe, Playback - [WARNING] Internal warning: Smart Match failed
\0
W, 3824, 24, 2011/03/26, 13:20:21.749, 37943759268526, QTAgent32.exe, Playback - [WARNING] Internal warning: Smart Match failed
\0
W, 3824, 24, 2011/03/26, 13:20:22.092, 37944611134962, QTAgent32.exe, Playback - [WARNING] Internal warning: Smart Match failed
\0
W, 3824, 24, 2011/03/26, 13:20:22.483, 37945560588188, QTAgent32.exe, Playback - [WARNING] Internal warning: Window Not Found: ControlType='Window' &amp;&amp; Name='http://home.microsoft.com/ - Windows Internet Explorer' &amp;&amp; ClassName='IEFrame'
\0
E, 3824, 24, 2011/03/26, 13:20:22.483, 37945561114480, QTAgent32.exe, &lt;a class=failure&gt;Playback - {18} [FAILED] Function ElementFetcher::FindScreenElement failed to locate UI element (Searching: ;ControlType='Window' &amp;&amp; Name='http://home.microsoft.com/ - Windows Internet Explorer' &amp;&amp; ClassName='IEFrame') (Указанный объект не найден.)
\0&lt;/a&gt;
E, 3824, 24, 2011/03/26, 13:20:22.561, 37945800016931, QTAgent32.exe, Playback - [IMAGE] C:\Documents and Settings\manekovskiy\Local Settings\Temp\UITestLogs\LastRun\RPF567.png
\0
W, 3824, 24, 2011/03/26, 13:20:22.561, 37945800605628, QTAgent32.exe, Playback - [WARNING] Internal warning: Couldn't find descendants that match QueryId
\0
W, 3824, 24, 2011/03/26, 13:20:22.561, 37945801401530, QTAgent32.exe, PERF WARNING: FindTopLevelWindowHelper::FindAllDescendents: took 3320 ms. Expected it to take maximum 500 ms.
E, 3824, 24, 2011/03/26, 13:20:22.561, 37945801830261, QTAgent32.exe, Exception: System.Runtime.InteropServices.COMException
	Message: Error HRESULT E_FAIL has been returned from a call to a COM component.
	Stack Trace:    at Microsoft.VisualStudio.TestTools.UITest.Playback.Engine.IRPFPlayback.FindAllScreenElements(IScreenElement pScreenElementStart, String bstrQueryId, Object&amp; pvarResKeys, Int32 cResKeys, Int32 nMaxDepth, Object[]&amp; foundDescendants)
   at Microsoft.VisualStudio.TestTools.UITest.Playback.ScreenElement.FindTopLevelWindowHelper(String queryId)
	BaseExceptionMessage: Error HRESULT E_FAIL has been returned from a call to a COM component.

W, 3824, 24, 2011/03/26, 13:20:22.842, 37946482706836, QTAgent32.exe, Playback - [WARNING] Internal warning: Window Not Found: ControlType='Window' &amp;&amp; Name='http://www.msn.com/ - Windows Internet Explorer' &amp;&amp; ClassName='IEFrame'
\0
E, 3824, 24, 2011/03/26, 13:20:22.842, 37946483232513, QTAgent32.exe, &lt;a class=failure&gt;Playback - {19} [FAILED] Function ElementFetcher::FindScreenElement failed to locate UI element (Searching: ;ControlType='Window' &amp;&amp; Name='http://www.msn.com/ - Windows Internet Explorer' &amp;&amp; ClassName='IEFrame') (Указанный объект не найден.)
\0&lt;/a&gt;
E, 3824, 24, 2011/03/26, 13:20:22.936, 37946720865271, QTAgent32.exe, Playback - [IMAGE] C:\Documents and Settings\manekovskiy\Local Settings\Temp\UITestLogs\LastRun\RPF568.png
\0
W, 3824, 24, 2011/03/26, 13:20:22.936, 37946721411896, QTAgent32.exe, Playback - [WARNING] Internal warning: Couldn't find descendants that match QueryId
\0
W, 3824, 24, 2011/03/26, 13:20:23.217, 37947438671269, QTAgent32.exe, Playback - [WARNING] Internal warning: Window Not Found: ControlType='Window' &amp;&amp; Name='http://www.msn.com/ - Windows Internet Explorer' &amp;&amp; ClassName='IEFrame'
\0
E, 3824, 24, 2011/03/26, 13:20:23.217, 37947439378848, QTAgent32.exe, &lt;a class=failure&gt;Playback - {20} [FAILED] Function ElementFetcher::FindScreenElement failed to locate UI element (Searching: ;ControlType='Window' &amp;&amp; Name='http://www.msn.com/ - Windows Internet Explorer' &amp;&amp; ClassName='IEFrame') (Указанный объект не найден.)
\0&lt;/a&gt;
E, 3824, 24, 2011/03/26, 13:20:23.311, 37947649355046, QTAgent32.exe, Playback - [IMAGE] C:\Documents and Settings\manekovskiy\Local Settings\Temp\UITestLogs\LastRun\RPF569.png
\0
W, 3824, 24, 2011/03/26, 13:20:23.311, 37947649712072, QTAgent32.exe, Playback - [WARNING] Internal warning: Couldn't find descendants that match QueryId
\0
W, 3824, 24, 2011/03/26, 13:20:23.764, 37948784874456, QTAgent32.exe, Playback - [WARNING] Internal warning: Smart Match failed
\0
W, 3824, 24, 2011/03/26, 13:20:24.061, 37949509673902, QTAgent32.exe, Playback - [WARNING] Internal warning: Smart Match failed
\0
W, 3824, 24, 2011/03/26, 13:20:24.374, 37950303870564, QTAgent32.exe, Playback - [WARNING] Internal warning: Smart Match failed
\0
W, 3824, 24, 2011/03/26, 13:20:24.671, 37951028753500, QTAgent32.exe, Playback - [WARNING] Internal warning: Smart Match failed
\0
W, 3824, 24, 2011/03/26, 13:20:24.967, 37951787519618, QTAgent32.exe, Playback - [WARNING] Internal warning: Smart Match failed
\0
W, 3824, 24, 2011/03/26, 13:20:25.264, 37952525087965, QTAgent32.exe, Playback - [WARNING] Internal warning: Smart Match failed
\0
W, 3824, 24, 2011/03/26, 13:20:25.561, 37953265407252, QTAgent32.exe, Playback - [WARNING] Internal warning: Smart Match failed
\0
W, 3824, 24, 2011/03/26, 13:20:25.858, 37953990467727, QTAgent32.exe, Playback - [WARNING] Internal warning: Smart Match failed
\0
W, 3824, 24, 2011/03/26, 13:20:26.171, 37954768538375, QTAgent32.exe, Playback - [WARNING] Internal warning: Smart Match failed
\0
W, 3824, 24, 2011/03/26, 13:20:26.342, 37955210807539, QTAgent32.exe, Playback - [WARNING] Internal warning: Window Not Found: ControlType='Window' &amp;&amp; Name='http://www.msn.com/ - Windows Internet Explorer' &amp;&amp; ClassName='IEFrame'
\0
E, 3824, 24, 2011/03/26, 13:20:26.342, 37955211335147, QTAgent32.exe, &lt;a class=failure&gt;Playback - {21} [FAILED] Function ElementFetcher::FindScreenElement failed to locate UI element (Searching: ;ControlType='Window' &amp;&amp; Name='http://www.msn.com/ - Windows Internet Explorer' &amp;&amp; ClassName='IEFrame') (Указанный объект не найден.)
\0&lt;/a&gt;
E, 3824, 24, 2011/03/26, 13:20:26.436, 37955433736006, QTAgent32.exe, Playback - [IMAGE] C:\Documents and Settings\manekovskiy\Local Settings\Temp\UITestLogs\LastRun\RPF56A.png
\0
W, 3824, 24, 2011/03/26, 13:20:26.436, 37955434309896, QTAgent32.exe, Playback - [WARNING] Internal warning: Couldn't find descendants that match QueryId
\0
W, 3824, 24, 2011/03/26, 13:20:26.436, 37955435113586, QTAgent32.exe, PERF WARNING: FindTopLevelWindowHelper::FindAllDescendents: took 3121 ms. Expected it to take maximum 500 ms.
E, 3824, 24, 2011/03/26, 13:20:26.436, 37955435526509, QTAgent32.exe, Exception: System.Runtime.InteropServices.COMException
	Message: Error HRESULT E_FAIL has been returned from a call to a COM component.
	Stack Trace:    at Microsoft.VisualStudio.TestTools.UITest.Playback.Engine.IRPFPlayback.FindAllScreenElements(IScreenElement pScreenElementStart, String bstrQueryId, Object&amp; pvarResKeys, Int32 cResKeys, Int32 nMaxDepth, Object[]&amp; foundDescendants)
   at Microsoft.VisualStudio.TestTools.UITest.Playback.ScreenElement.FindTopLevelWindowHelper(String queryId)
	BaseExceptionMessage: Error HRESULT E_FAIL has been returned from a call to a COM component.

W, 3824, 24, 2011/03/26, 13:20:26.717, 37956162039299, QTAgent32.exe, Playback - [WARNING] Internal warning: Window Not Found: ControlType='Window' &amp;&amp; Name='MSN.com - Windows Internet Explorer' &amp;&amp; ClassName='IEFrame'
\0
E, 3824, 24, 2011/03/26, 13:20:26.717, 37956162586747, QTAgent32.exe, &lt;a class=failure&gt;Playback - {22} [FAILED] Function ElementFetcher::FindScreenElement failed to locate UI element (Searching: ;ControlType='Window' &amp;&amp; Name='MSN.com - Windows Internet Explorer' &amp;&amp; ClassName='IEFrame') (Указанный объект не найден.)
\0&lt;/a&gt;
E, 3824, 24, 2011/03/26, 13:20:26.811, 37956385044670, QTAgent32.exe, Playback - [IMAGE] C:\Documents and Settings\manekovskiy\Local Settings\Temp\UITestLogs\LastRun\RPF56B.png
\0
W, 3824, 24, 2011/03/26, 13:20:26.811, 37956385623370, QTAgent32.exe, Playback - [WARNING] Internal warning: Couldn't find descendants that match QueryId
\0
W, 3824, 24, 2011/03/26, 13:20:27.077, 37957049848530, QTAgent32.exe, Playback - [WARNING] Internal warning: Window Not Found: ControlType='Window' &amp;&amp; Name='MSN.com - Windows Internet Explorer' &amp;&amp; ClassName='IEFrame'
\0
E, 3824, 24, 2011/03/26, 13:20:27.077, 37957050359423, QTAgent32.exe, &lt;a class=failure&gt;Playback - {23} [FAILED] Function ElementFetcher::FindScreenElement failed to locate UI element (Searching: ;ControlType='Window' &amp;&amp; Name='MSN.com - Windows Internet Explorer' &amp;&amp; ClassName='IEFrame') (Указанный объект не найден.)
\0&lt;/a&gt;
E, 3824, 24, 2011/03/26, 13:20:27.170, 37957288028566, QTAgent32.exe, Playback - [IMAGE] C:\Documents and Settings\manekovskiy\Local Settings\Temp\UITestLogs\LastRun\RPF56C.png
\0
W, 3824, 24, 2011/03/26, 13:20:27.170, 37957288588143, QTAgent32.exe, Playback - [WARNING] Internal warning: Couldn't find descendants that match QueryId
\0
W, 3824, 24, 2011/03/26, 13:20:27.686, 37958559895164, QTAgent32.exe, Playback - [WARNING] Internal warning: Smart Match failed
\0
W, 3824, 24, 2011/03/26, 13:20:27.999, 37959343636418, QTAgent32.exe, Playback - [WARNING] Internal warning: Smart Match failed
\0
W, 3824, 24, 2011/03/26, 13:20:28.295, 37960087411441, QTAgent32.exe, Playback - [WARNING] Internal warning: Smart Match failed
\0
W, 3824, 24, 2011/03/26, 13:20:28.592, 37960826574399, QTAgent32.exe, Playback - [WARNING] Internal warning: Smart Match failed
\0
W, 3824, 24, 2011/03/26, 13:20:28.889, 37961564381864, QTAgent32.exe, Playback - [WARNING] Internal warning: Smart Match failed
\0
W, 3824, 24, 2011/03/26, 13:20:29.186, 37962291311293, QTAgent32.exe, Playback - [WARNING] Internal warning: Smart Match failed
\0
W, 3824, 24, 2011/03/26, 13:20:29.483, 37963045592104, QTAgent32.exe, Playback - [WARNING] Internal warning: Smart Match failed
\0
W, 3824, 24, 2011/03/26, 13:20:29.780, 37963786563989, QTAgent32.exe, Playback - [WARNING] Internal warning: Smart Match failed
\0
W, 3824, 24, 2011/03/26, 13:20:30.092, 37964566501952, QTAgent32.exe, Playback - [WARNING] Internal warning: Smart Match failed
\0
W, 3824, 24, 2011/03/26, 13:20:30.280, 37965025178540, QTAgent32.exe, Playback - [WARNING] Internal warning: Window Not Found: ControlType='Window' &amp;&amp; Name='MSN.com - Windows Internet Explorer' &amp;&amp; ClassName='IEFrame'
\0
E, 3824, 24, 2011/03/26, 13:20:30.280, 37965025712319, QTAgent32.exe, &lt;a class=failure&gt;Playback - {24} [FAILED] Function ElementFetcher::FindScreenElement failed to locate UI element (Searching: ;ControlType='Window' &amp;&amp; Name='MSN.com - Windows Internet Explorer' &amp;&amp; ClassName='IEFrame') (Указанный объект не найден.)
\0&lt;/a&gt;
E, 3824, 24, 2011/03/26, 13:20:30.358, 37965248937221, QTAgent32.exe, Playback - [IMAGE] C:\Documents and Settings\manekovskiy\Local Settings\Temp\UITestLogs\LastRun\RPF56D.png
\0
W, 3824, 24, 2011/03/26, 13:20:30.358, 37965249505765, QTAgent32.exe, Playback - [WARNING] Internal warning: Couldn't find descendants that match QueryId
\0
W, 3824, 24, 2011/03/26, 13:20:30.358, 37965250290755, QTAgent32.exe, PERF WARNING: FindTopLevelWindowHelper::FindAllDescendents: took 3192 ms. Expected it to take maximum 500 ms.
E, 3824, 24, 2011/03/26, 13:20:30.358, 37965250772384, QTAgent32.exe, Exception: System.Runtime.InteropServices.COMException
	Message: Error HRESULT E_FAIL has been returned from a call to a COM component.
	Stack Trace:    at Microsoft.VisualStudio.TestTools.UITest.Playback.Engine.IRPFPlayback.FindAllScreenElements(IScreenElement pScreenElementStart, String bstrQueryId, Object&amp; pvarResKeys, Int32 cResKeys, Int32 nMaxDepth, Object[]&amp; foundDescendants)
   at Microsoft.VisualStudio.TestTools.UITest.Playback.ScreenElement.FindTopLevelWindowHelper(String queryId)
	BaseExceptionMessage: Error HRESULT E_FAIL has been returned from a call to a COM component.

W, 3824, 24, 2011/03/26, 13:20:30.467, 37965523737052, QTAgent32.exe, IEDOM : StopSession of the plugin called before StartSession
W, 3824, 24, 2011/03/26, 13:20:30.483, 37965509026115, QTAgent32.exe, UIA : StopSession of the plugin called before StartSession
</DebugTrace>
        <ErrorInfo>
          <Message>Test method GoogleCalculatorTests.CodedUITest1.CodedUITestMethod1 threw exception: 
Microsoft.VisualStudio.TestTools.UITest.Extension.UITestControlNotFoundException: Unable to find the top level element of the control ---&gt; Microsoft.VisualStudio.TestTools.UITest.Extension.UITestControlNotFoundException: Unable to find Windows Internet Explorer window with 'MSN.com - Windows Internet Explorer' in the title. ---&gt; Microsoft.VisualStudio.TestTools.UITest.Extension.UITestControlNotFoundException: The playback failed to find the control with the given search properties. Additional Details: 
TechnologyName:  'MSAA'
ControlType:  'Window'
Name:  'MSN.com - Windows Internet Explorer'
ClassName:  'IEFrame'
 ---&gt; System.Runtime.InteropServices.COMException: Error HRESULT E_FAIL has been returned from a call to a COM component.</Message>
          <StackTrace>    at Microsoft.VisualStudio.TestTools.UITest.Playback.Engine.IRPFPlayback.FindAllScreenElements(IScreenElement pScreenElementStart, String bstrQueryId, Object&amp; pvarResKeys, Int32 cResKeys, Int32 nMaxDepth, Object[]&amp; foundDescendants)
   at Microsoft.VisualStudio.TestTools.UITest.Playback.ScreenElement.FindTopLevelWindowHelper(String queryId)
   at Microsoft.VisualStudio.TestTools.UITest.Playback.ScreenElement.FindFromPartialQueryId(String queryId)
   at Microsoft.VisualStudio.TestTools.UITesting.UITestControl..ctor(String queryId)
 --- End of inner exception stack trace ---
    at Microsoft.VisualStudio.TestTools.UITesting.Playback.MapControlNotFoundException(COMException ex, IPlaybackContext context)
   at Microsoft.VisualStudio.TestTools.UITesting.Playback.MapAndThrowComException(COMException innerException, IPlaybackContext context)
   at Microsoft.VisualStudio.TestTools.UITesting.Playback.MapAndThrowException(SystemException exception, IPlaybackContext context)
   at Microsoft.VisualStudio.TestTools.UITesting.Playback.MapAndThrowException(SystemException exception, String queryId)
   at Microsoft.VisualStudio.TestTools.UITesting.UITestControl..ctor(String queryId)
   at Microsoft.VisualStudio.TestTools.UITesting.SearchHelper.SearchTopLevelWindow(ISearchArgument topLevelSearchArg, String topLevelElementQueryId)
   at Microsoft.VisualStudio.TestTools.UITesting.SearchHelper.GetTitleUpdatedTopLevelWindow(ISearchArgument topLevelSearchArg, String queryId, IList`1 windowTitles)
   at Microsoft.VisualStudio.TestTools.UITesting.SearchHelper.GetTopLevelElement(Boolean useCache, Boolean useCacheOnly, ISearchArgument searchArg, IList`1 windowTitles, Int32&amp; timeLeft)
   at Microsoft.VisualStudio.TestTools.UITesting.SearchHelper.GetElement(Boolean useCache, ISearchArgument searchArg)
   at Microsoft.VisualStudio.TestTools.UITesting.SearchHelper.Search(ISearchArgument searchArg)
   at Microsoft.VisualStudio.TestTools.UITesting.UITestControl.FindInternal()
   at Microsoft.VisualStudio.TestTools.UITesting.UITestControl.Find()
   at Microsoft.VisualStudio.TestTools.UITesting.IEBrowserService.Locate(PropertyExpressionCollection searchProperties, PropertyExpressionCollection filterProperties, Boolean findAll)
 --- End of inner exception stack trace ---
    at Microsoft.VisualStudio.TestTools.UITesting.IEBrowserService.Locate(PropertyExpressionCollection searchProperties, PropertyExpressionCollection filterProperties, Boolean findAll)
   at Microsoft.VisualStudio.TestTools.UITesting.IEBrowserFactory.Locate(PropertyExpressionCollection searchProperties, PropertyExpressionCollection filterProperties)
   at Microsoft.VisualStudio.TestTools.UITesting.SearchHelper.SearchTopLevelWindow(ISearchArgument topLevelSearchArg, String topLevelElementQueryId)
   at Microsoft.VisualStudio.TestTools.UITesting.SearchHelper.SearchUsingMultipleTitles(ISearchArgument topLevelSearchArg, QueryId topLevelQueryId, IList`1 windowTitles)
 --- End of inner exception stack trace ---
    at Microsoft.VisualStudio.TestTools.UITesting.SearchHelper.SearchUsingMultipleTitles(ISearchArgument topLevelSearchArg, QueryId topLevelQueryId, IList`1 windowTitles)
   at Microsoft.VisualStudio.TestTools.UITesting.SearchHelper.GetTitleUpdatedTopLevelWindow(ISearchArgument topLevelSearchArg, String queryId, IList`1 windowTitles)
   at Microsoft.VisualStudio.TestTools.UITesting.SearchHelper.GetTopLevelElement(Boolean useCache, Boolean useCacheOnly, ISearchArgument searchArg, IList`1 windowTitles, Int32&amp; timeLeft)
   at Microsoft.VisualStudio.TestTools.UITesting.SearchHelper.GetElement(Boolean useCache, ISearchArgument searchArg)
   at Microsoft.VisualStudio.TestTools.UITesting.SearchHelper.Search(ISearchArgument searchArg)
   at Microsoft.VisualStudio.TestTools.UITesting.UITestControl.FindInternal()
   at Microsoft.VisualStudio.TestTools.UITesting.ApplicationUnderTest.Find()
   at Microsoft.VisualStudio.TestTools.UITesting.UITestControl.GetProperty(String propertyName)
   at Microsoft.VisualStudio.TestTools.UITesting.UITestControl.GetPropertyInternal[T](String propertyName)
   at Microsoft.VisualStudio.TestTools.UITesting.UITestControl.get_WindowHandle()
   at Microsoft.VisualStudio.TestTools.UITesting.BrowserWindow.get_BrowserService()
   at Microsoft.VisualStudio.TestTools.UITesting.BrowserWindow.NavigateToUrl(Uri uri)
   at GoogleCalculatorTests.UIMap.TestAddOperatorInGoogleSearch() in D:\MAS\13НС9-1С\02-UserDirs\Manekovskiy\Software Testing\GoogleCalculatorTests\UIMap.Designer.cs:line 44
   at GoogleCalculatorTests.CodedUITest1.CodedUITestMethod1() in D:\MAS\13НС9-1С\02-UserDirs\Manekovskiy\Software Testing\GoogleCalculatorTests\CodedUITest1.cs:line 30
</StackTrace>
        </ErrorInfo>
      </Output>
      <ResultFiles>
        <ResultFile path="A1COMP1\CodedUITestMethod1.png" />
      </ResultFiles>
      <ExtensionResult>Exception has been thrown by the target of an invocation.</ExtensionResult>
    </UnitTestResult>
  </Results>
</TestRun>